0 verbose cli C:\Program Files\nodejs\node.exe C:\Users\fikri\AppData\Roaming\npm\node_modules\npm\bin\npm-cli.js
1 info using npm@11.6.2
2 info using node@v24.11.0
3 silly config load:file:C:\Users\fikri\AppData\Roaming\npm\node_modules\npm\npmrc
4 silly config load:file:C:\Users\fikri\Desktop\Vibe\Program\.npmrc
5 silly config load:file:C:\Users\fikri\.npmrc
6 silly config load:file:C:\Users\fikri\AppData\Roaming\npm\etc\npmrc
7 verbose title npm install
8 verbose argv "install"
9 verbose logfile logs-max:10 dir:C:\Users\fikri\Desktop\Vibe\Program\.npm-cache\_logs\2026-05-13T03_54_11_341Z-
10 verbose logfile C:\Users\fikri\Desktop\Vibe\Program\.npm-cache\_logs\2026-05-13T03_54_11_341Z-debug-0.log
11 silly logfile done cleaning log files
12 silly packumentCache heap:4496293888 maxSize:1124073472 maxEntrySize:562036736
13 silly idealTree buildDeps
14 silly fetch manifest next@15.5.9
15 silly packumentCache full:https://registry.npmjs.org/next cache-miss
16 http cache https://registry.npmjs.org/next 114ms (cache hit)
17 silly packumentCache full:https://registry.npmjs.org/next set size:30401804 disposed:false
18 silly fetch manifest @opentelemetry/api@^1.1.0
19 silly packumentCache full:https://registry.npmjs.org/@opentelemetry%2fapi cache-miss
20 http cache https://registry.npmjs.org/@opentelemetry%2fapi 21ms (cache hit)
21 silly packumentCache full:https://registry.npmjs.org/@opentelemetry%2fapi set size:272967 disposed:false
22 silly fetch manifest @playwright/test@^1.51.1
23 silly packumentCache full:https://registry.npmjs.org/@playwright%2ftest cache-miss
24 http cache https://registry.npmjs.org/@playwright%2ftest 22ms (cache hit)
25 silly packumentCache full:https://registry.npmjs.org/@playwright%2ftest set size:9117233 disposed:false
26 silly fetch manifest babel-plugin-react-compiler@*
27 silly packumentCache full:https://registry.npmjs.org/babel-plugin-react-compiler cache-miss
28 http cache https://registry.npmjs.org/babel-plugin-react-compiler 10ms (cache hit)
29 silly packumentCache full:https://registry.npmjs.org/babel-plugin-react-compiler set size:1356999 disposed:false
30 silly fetch manifest react@19.1.1
31 silly packumentCache full:https://registry.npmjs.org/react cache-miss
32 http cache https://registry.npmjs.org/react 22ms (cache hit)
33 silly packumentCache full:https://registry.npmjs.org/react set size:6650647 disposed:false
34 silly fetch manifest react-dom@19.1.1
35 silly packumentCache full:https://registry.npmjs.org/react-dom cache-miss
36 http cache https://registry.npmjs.org/react-dom 24ms (cache hit)
37 silly packumentCache full:https://registry.npmjs.org/react-dom set size:8868827 disposed:false
38 silly fetch manifest sass@^1.3.0
39 silly packumentCache full:https://registry.npmjs.org/sass cache-miss
40 http cache https://registry.npmjs.org/sass 8ms (cache hit)
41 silly packumentCache full:https://registry.npmjs.org/sass set size:726244 disposed:false
42 silly fetch manifest eslint-config-next@15.5.9
43 silly packumentCache full:https://registry.npmjs.org/eslint-config-next cache-miss
44 http cache https://registry.npmjs.org/eslint-config-next 19ms (cache hit)
45 silly packumentCache full:https://registry.npmjs.org/eslint-config-next set size:6671701 disposed:false
46 silly fetch manifest eslint@9.10.0
47 silly packumentCache full:https://registry.npmjs.org/eslint cache-miss
48 http cache https://registry.npmjs.org/eslint 12ms (cache hit)
49 silly packumentCache full:https://registry.npmjs.org/eslint set size:1990528 disposed:false
50 silly fetch manifest jiti@*
51 silly packumentCache full:https://registry.npmjs.org/jiti cache-miss
52 http cache https://registry.npmjs.org/jiti 10ms (cache hit)
53 silly packumentCache full:https://registry.npmjs.org/jiti set size:387989 disposed:false
54 silly fetch manifest typescript@5.6.3
55 silly packumentCache full:https://registry.npmjs.org/typescript cache-miss
56 http cache https://registry.npmjs.org/typescript 35ms (cache hit)
57 silly packumentCache full:https://registry.npmjs.org/typescript set size:15409943 disposed:false
58 silly placeDep ROOT eslint-config-next@15.5.9 REPLACE for: program-by-ustaz-lah@0.1.0 want: 15.5.9
59 silly placeDep ROOT next@15.5.9 REPLACE for: program-by-ustaz-lah@0.1.0 want: 15.5.9
60 silly fetch manifest @next/eslint-plugin-next@15.5.9
61 silly packumentCache full:https://registry.npmjs.org/@next%2feslint-plugin-next cache-miss
62 silly fetch manifest @next/env@15.5.9
63 silly packumentCache full:https://registry.npmjs.org/@next%2fenv cache-miss
64 http cache https://registry.npmjs.org/@next%2feslint-plugin-next 26ms (cache hit)
65 silly packumentCache full:https://registry.npmjs.org/@next%2feslint-plugin-next set size:6762712 disposed:false
66 http cache https://registry.npmjs.org/@next%2fenv 67ms (cache hit)
67 silly packumentCache full:https://registry.npmjs.org/@next%2fenv set size:7239737 disposed:false
68 silly placeDep ROOT @next/eslint-plugin-next@15.5.9 OK for: eslint-config-next@15.5.9 want: 15.5.9
69 silly placeDep ROOT @next/env@15.5.9 OK for: next@15.5.9 want: 15.5.9
70 silly reify mark retired [
70 silly reify   'C:\\Users\\fikri\\Desktop\\Vibe\\Program\\node_modules\\@next\\env'
70 silly reify ]
71 silly reify mark retired [
71 silly reify   'C:\\Users\\fikri\\Desktop\\Vibe\\Program\\node_modules\\@next\\eslint-plugin-next'
71 silly reify ]
72 silly reify mark retired [
72 silly reify   'C:\\Users\\fikri\\Desktop\\Vibe\\Program\\node_modules\\eslint-config-next'
72 silly reify ]
73 silly reify mark retired [
73 silly reify   'C:\\Users\\fikri\\Desktop\\Vibe\\Program\\node_modules\\next',
73 silly reify   'C:\\Users\\fikri\\Desktop\\Vibe\\Program\\node_modules\\.bin\\next',
73 silly reify   'C:\\Users\\fikri\\Desktop\\Vibe\\Program\\node_modules\\.bin\\next.cmd',
73 silly reify   'C:\\Users\\fikri\\Desktop\\Vibe\\Program\\node_modules\\.bin\\next.ps1'
73 silly reify ]
74 silly reify moves {
74 silly reify   'C:\\Users\\fikri\\Desktop\\Vibe\\Program\\node_modules\\@next\\env': 'C:\\Users\\fikri\\Desktop\\Vibe\\Program\\node_modules\\@next\\.env-7TRBPuPU',
74 silly reify   'C:\\Users\\fikri\\Desktop\\Vibe\\Program\\node_modules\\@next\\eslint-plugin-next': 'C:\\Users\\fikri\\Desktop\\Vibe\\Program\\node_modules\\@next\\.eslint-plugin-next-CfMmHwAd',
74 silly reify   'C:\\Users\\fikri\\Desktop\\Vibe\\Program\\node_modules\\eslint-config-next': 'C:\\Users\\fikri\\Desktop\\Vibe\\Program\\node_modules\\.eslint-config-next-OxyWgAAy',
74 silly reify   'C:\\Users\\fikri\\Desktop\\Vibe\\Program\\node_modules\\next': 'C:\\Users\\fikri\\Desktop\\Vibe\\Program\\node_modules\\.next-Sbt5ts0f',
74 silly reify   'C:\\Users\\fikri\\Desktop\\Vibe\\Program\\node_modules\\.bin\\next': 'C:\\Users\\fikri\\Desktop\\Vibe\\Program\\node_modules\\.bin\\.next-bmg71ieM',
74 silly reify   'C:\\Users\\fikri\\Desktop\\Vibe\\Program\\node_modules\\.bin\\next.cmd': 'C:\\Users\\fikri\\Desktop\\Vibe\\Program\\node_modules\\.bin\\.next.cmd-Kyv0o3Jr',
74 silly reify   'C:\\Users\\fikri\\Desktop\\Vibe\\Program\\node_modules\\.bin\\next.ps1': 'C:\\Users\\fikri\\Desktop\\Vibe\\Program\\node_modules\\.bin\\.next.ps1-mH62476P'
74 silly reify }
75 silly audit bulk request {
75 silly audit   '@alloc/quick-lru': [ '5.2.0' ],
75 silly audit   '@emnapi/core': [ '1.10.0' ],
75 silly audit   '@emnapi/runtime': [ '1.10.0' ],
75 silly audit   '@emnapi/wasi-threads': [ '1.2.1' ],
75 silly audit   '@eslint-community/eslint-utils': [ '4.9.1' ],
75 silly audit   'eslint-visitor-keys': [ '3.4.3', '5.0.1', '4.2.1' ],
75 silly audit   '@eslint-community/regexpp': [ '4.12.2' ],
75 silly audit   '@eslint/config-array': [ '0.18.0' ],
75 silly audit   '@eslint/eslintrc': [ '3.3.5' ],
75 silly audit   '@eslint/js': [ '9.10.0' ],
75 silly audit   '@eslint/object-schema': [ '2.1.7' ],
75 silly audit   '@eslint/plugin-kit': [ '0.1.0' ],
75 silly audit   '@humanwhocodes/module-importer': [ '1.0.1' ],
75 silly audit   '@humanwhocodes/retry': [ '0.3.1' ],
75 silly audit   '@img/colour': [ '1.1.0' ],
75 silly audit   '@img/sharp-darwin-arm64': [ '0.34.5' ],
75 silly audit   '@img/sharp-darwin-x64': [ '0.34.5' ],
75 silly audit   '@img/sharp-libvips-darwin-arm64': [ '1.2.4' ],
75 silly audit   '@img/sharp-libvips-darwin-x64': [ '1.2.4' ],
75 silly audit   '@img/sharp-libvips-linux-arm': [ '1.2.4' ],
75 silly audit   '@img/sharp-libvips-linux-arm64': [ '1.2.4' ],
75 silly audit   '@img/sharp-libvips-linux-ppc64': [ '1.2.4' ],
75 silly audit   '@img/sharp-libvips-linux-riscv64': [ '1.2.4' ],
75 silly audit   '@img/sharp-libvips-linux-s390x': [ '1.2.4' ],
75 silly audit   '@img/sharp-libvips-linux-x64': [ '1.2.4' ],
75 silly audit   '@img/sharp-libvips-linuxmusl-arm64': [ '1.2.4' ],
75 silly audit   '@img/sharp-libvips-linuxmusl-x64': [ '1.2.4' ],
75 silly audit   '@img/sharp-linux-arm': [ '0.34.5' ],
75 silly audit   '@img/sharp-linux-arm64': [ '0.34.5' ],
75 silly audit   '@img/sharp-linux-ppc64': [ '0.34.5' ],
75 silly audit   '@img/sharp-linux-riscv64': [ '0.34.5' ],
75 silly audit   '@img/sharp-linux-s390x': [ '0.34.5' ],
75 silly audit   '@img/sharp-linux-x64': [ '0.34.5' ],
75 silly audit   '@img/sharp-linuxmusl-arm64': [ '0.34.5' ],
75 silly audit   '@img/sharp-linuxmusl-x64': [ '0.34.5' ],
75 silly audit   '@img/sharp-wasm32': [ '0.34.5' ],
75 silly audit   '@img/sharp-win32-arm64': [ '0.34.5' ],
75 silly audit   '@img/sharp-win32-ia32': [ '0.34.5' ],
75 silly audit   '@img/sharp-win32-x64': [ '0.34.5' ],
75 silly audit   '@jridgewell/gen-mapping': [ '0.3.13' ],
75 silly audit   '@jridgewell/resolve-uri': [ '3.1.2' ],
75 silly audit   '@jridgewell/sourcemap-codec': [ '1.5.5' ],
75 silly audit   '@jridgewell/trace-mapping': [ '0.3.31' ],
75 silly audit   '@napi-rs/wasm-runtime': [ '0.2.12' ],
75 silly audit   '@next/swc-darwin-arm64': [ '15.5.7' ],
75 silly audit   '@next/swc-darwin-x64': [ '15.5.7' ],
75 silly audit   '@next/swc-linux-arm64-gnu': [ '15.5.7' ],
75 silly audit   '@next/swc-linux-arm64-musl': [ '15.5.7' ],
75 silly audit   '@next/swc-linux-x64-gnu': [ '15.5.7' ],
75 silly audit   '@next/swc-linux-x64-musl': [ '15.5.7' ],
75 silly audit   '@next/swc-win32-arm64-msvc': [ '15.5.7' ],
75 silly audit   '@next/swc-win32-x64-msvc': [ '15.5.7' ],
75 silly audit   '@nodelib/fs.scandir': [ '2.1.5' ],
75 silly audit   '@nodelib/fs.stat': [ '2.0.5' ],
75 silly audit   '@nodelib/fs.walk': [ '1.2.8' ],
75 silly audit   '@nolyfill/is-core-module': [ '1.0.39' ],
75 silly audit   '@rtsao/scc': [ '1.1.0' ],
75 silly audit   '@rushstack/eslint-patch': [ '1.16.1' ],
75 silly audit   '@swc/helpers': [ '0.5.15' ],
75 silly audit   '@tybys/wasm-util': [ '0.10.2' ],
75 silly audit   '@types/json5': [ '0.0.29' ],
75 silly audit   '@types/node': [ '22.10.2' ],
75 silly audit   '@types/react': [ '19.1.8' ],
75 silly audit   '@types/react-dom': [ '19.1.5' ],
75 silly audit   '@typescript-eslint/eslint-plugin': [ '8.59.3' ],
75 silly audit   ignore: [ '7.0.5', '5.3.2' ],
75 silly audit   '@typescript-eslint/parser': [ '8.59.3' ],
75 silly audit   '@typescript-eslint/project-service': [ '8.59.3' ],
75 silly audit   '@typescript-eslint/scope-manager': [ '8.59.3' ],
75 silly audit   '@typescript-eslint/tsconfig-utils': [ '8.59.3' ],
75 silly audit   '@typescript-eslint/type-utils': [ '8.59.3' ],
75 silly audit   '@typescript-eslint/types': [ '8.59.3' ],
75 silly audit   '@typescript-eslint/typescript-estree': [ '8.59.3' ],
75 silly audit   'balanced-match': [ '4.0.4', '1.0.2' ],
75 silly audit   'brace-expansion': [ '5.0.6', '1.1.14' ],
75 silly audit   minimatch: [ '10.2.5', '3.1.5' ],
75 silly audit   '@typescript-eslint/utils': [ '8.59.3' ],
75 silly audit   '@typescript-eslint/visitor-keys': [ '8.59.3' ],
75 silly audit   '@unrs/resolver-binding-android-arm-eabi': [ '1.11.1' ],
75 silly audit   '@unrs/resolver-binding-android-arm64': [ '1.11.1' ],
75 silly audit   '@unrs/resolver-binding-darwin-arm64': [ '1.11.1' ],
75 silly audit   '@unrs/resolver-binding-darwin-x64': [ '1.11.1' ],
75 silly audit   '@unrs/resolver-binding-freebsd-x64': [ '1.11.1' ],
75 silly audit   '@unrs/resolver-binding-linux-arm-gnueabihf': [ '1.11.1' ],
75 silly audit   '@unrs/resolver-binding-linux-arm-musleabihf': [ '1.11.1' ],
75 silly audit   '@unrs/resolver-binding-linux-arm64-gnu': [ '1.11.1' ],
75 silly audit   '@unrs/resolver-binding-linux-arm64-musl': [ '1.11.1' ],
75 silly audit   '@unrs/resolver-binding-linux-ppc64-gnu': [ '1.11.1' ],
75 silly audit   '@unrs/resolver-binding-linux-riscv64-gnu': [ '1.11.1' ],
75 silly audit   '@unrs/resolver-binding-linux-riscv64-musl': [ '1.11.1' ],
75 silly audit   '@unrs/resolver-binding-linux-s390x-gnu': [ '1.11.1' ],
75 silly audit   '@unrs/resolver-binding-linux-x64-gnu': [ '1.11.1' ],
75 silly audit   '@unrs/resolver-binding-linux-x64-musl': [ '1.11.1' ],
75 silly audit   '@unrs/resolver-binding-wasm32-wasi': [ '1.11.1' ],
75 silly audit   '@unrs/resolver-binding-win32-arm64-msvc': [ '1.11.1' ],
75 silly audit   '@unrs/resolver-binding-win32-ia32-msvc': [ '1.11.1' ],
75 silly audit   '@unrs/resolver-binding-win32-x64-msvc': [ '1.11.1' ],
75 silly audit   acorn: [ '8.16.0' ],
75 silly audit   'acorn-jsx': [ '5.3.2' ],
75 silly audit   ajv: [ '6.15.0' ],
75 silly audit   'ansi-regex': [ '5.0.1' ],
75 silly audit   'ansi-styles': [ '4.3.0' ],
75 silly audit   'any-promise': [ '1.3.0' ],
75 silly audit   anymatch: [ '3.1.3' ],
75 silly audit   arg: [ '5.0.2' ],
75 silly audit   argparse: [ '2.0.1' ],
75 silly audit   'aria-query': [ '5.3.2' ],
75 silly audit   'array-buffer-byte-length': [ '1.0.2' ],
75 silly audit   'array-includes': [ '3.1.9' ],
75 silly audit   'array.prototype.findlast': [ '1.2.5' ],
75 silly audit   'array.prototype.findlastindex': [ '1.2.6' ],
75 silly audit   'array.prototype.flat': [ '1.3.3' ],
75 silly audit   'array.prototype.flatmap': [ '1.3.3' ],
75 silly audit   'array.prototype.tosorted': [ '1.1.4' ],
75 silly audit   'arraybuffer.prototype.slice': [ '1.0.4' ],
75 silly audit   'ast-types-flow': [ '0.0.8' ],
75 silly audit   'async-function': [ '1.0.0' ],
75 silly audit   autoprefixer: [ '10.4.20' ],
75 silly audit   'available-typed-arrays': [ '1.0.7' ],
75 silly audit   'axe-core': [ '4.11.4' ],
75 silly audit   'axobject-query': [ '4.1.0' ],
75 silly audit   'baseline-browser-mapping': [ '2.10.29' ],
75 silly audit   'binary-extensions': [ '2.3.0' ],
75 silly audit   braces: [ '3.0.3' ],
75 silly audit   browserslist: [ '4.28.2' ],
75 silly audit   'call-bind': [ '1.0.9' ],
75 silly audit   'call-bind-apply-helpers': [ '1.0.2' ],
75 silly audit   'call-bound': [ '1.0.4' ],
75 silly audit   callsites: [ '3.1.0' ],
75 silly audit   'camelcase-css': [ '2.0.1' ],
75 silly audit   'caniuse-lite': [ '1.0.30001792' ],
75 silly audit   chalk: [ '4.1.2' ],
75 silly audit   chokidar: [ '3.6.0' ],
75 silly audit   'glob-parent': [ '5.1.2', '6.0.2' ],
75 silly audit   'client-only': [ '0.0.1' ],
75 silly audit   'color-convert': [ '2.0.1' ],
75 silly audit   'color-name': [ '1.1.4' ],
75 silly audit   commander: [ '4.1.1' ],
75 silly audit   'concat-map': [ '0.0.1' ],
75 silly audit   'cross-spawn': [ '7.0.6' ],
75 silly audit   cssesc: [ '3.0.0' ],
75 silly audit   csstype: [ '3.2.3' ],
75 silly audit   'damerau-levenshtein': [ '1.0.8' ],
75 silly audit   'data-view-buffer': [ '1.0.2' ],
75 silly audit   'data-view-byte-length': [ '1.0.2' ],
75 silly audit   'data-view-byte-offset': [ '1.0.1' ],
75 silly audit   debug: [ '4.4.3', '3.2.7' ],
75 silly audit   'deep-is': [ '0.1.4' ],
75 silly audit   'define-data-property': [ '1.1.4' ],
75 silly audit   'define-properties': [ '1.2.1' ],
75 silly audit   'detect-libc': [ '2.1.2' ],
75 silly audit   didyoumean: [ '1.2.2' ],
75 silly audit   dlv: [ '1.1.3' ],
75 silly audit   doctrine: [ '2.1.0' ],
75 silly audit   'dunder-proto': [ '1.0.1' ],
75 silly audit   'electron-to-chromium': [ '1.5.353' ],
75 silly audit   'emoji-regex': [ '9.2.2' ],
75 silly audit   'es-abstract': [ '1.24.2' ],
75 silly audit   'es-define-property': [ '1.0.1' ],
75 silly audit   'es-errors': [ '1.3.0' ],
75 silly audit   'es-iterator-helpers': [ '1.3.2' ],
75 silly audit   'es-object-atoms': [ '1.1.1' ],
75 silly audit   'es-set-tostringtag': [ '2.1.0' ],
75 silly audit   'es-shim-unscopables': [ '1.1.0' ],
75 silly audit   'es-to-primitive': [ '1.3.0' ],
75 silly audit   escalade: [ '3.2.0' ],
75 silly audit   'escape-string-regexp': [ '4.0.0' ],
75 silly audit   eslint: [ '9.10.0' ],
75 silly audit   'eslint-import-resolver-node': [ '0.3.10' ],
75 silly audit   'eslint-import-resolver-typescript': [ '3.10.1' ],
75 silly audit   'eslint-module-utils': [ '2.12.1' ],
75 silly audit   'eslint-plugin-import': [ '2.32.0' ],
75 silly audit   semver: [ '6.3.1', '7.8.0' ],
75 silly audit   'eslint-plugin-jsx-a11y': [ '6.10.2' ],
75 silly audit   'eslint-plugin-react': [ '7.37.5' ],
75 silly audit   'eslint-plugin-react-hooks': [ '5.2.0' ],
75 silly audit   'eslint-scope': [ '8.4.0' ],
75 silly audit   espree: [ '10.4.0' ],
75 silly audit   esquery: [ '1.7.0' ],
75 silly audit   esrecurse: [ '4.3.0' ],
75 silly audit   estraverse: [ '5.3.0' ],
75 silly audit   esutils: [ '2.0.3' ],
75 silly audit   'fast-deep-equal': [ '3.1.3' ],
75 silly audit   'fast-glob': [ '3.3.1' ],
75 silly audit   'fast-json-stable-stringify': [ '2.1.0' ],
75 silly audit   'fast-levenshtein': [ '2.0.6' ],
75 silly audit   fastq: [ '1.20.1' ],
75 silly audit   'file-entry-cache': [ '8.0.0' ],
75 silly audit   'fill-range': [ '7.1.1' ],
75 silly audit   'find-up': [ '5.0.0' ],
75 silly audit   'flat-cache': [ '4.0.1' ],
75 silly audit   flatted: [ '3.4.2' ],
75 silly audit   'for-each': [ '0.3.5' ],
75 silly audit   'fraction.js': [ '4.3.7' ],
75 silly audit   fsevents: [ '2.3.3' ],
75 silly audit   'function-bind': [ '1.1.2' ],
75 silly audit   'function.prototype.name': [ '1.1.8' ],
75 silly audit   'functions-have-names': [ '1.2.3' ],
75 silly audit   'generator-function': [ '2.0.1' ],
75 silly audit   'get-intrinsic': [ '1.3.0' ],
75 silly audit   'get-proto': [ '1.0.1' ],
75 silly audit   'get-symbol-description': [ '1.1.0' ],
75 silly audit   'get-tsconfig': [ '4.14.0' ],
75 silly audit   globals: [ '14.0.0' ],
75 silly audit   globalthis: [ '1.0.4' ],
75 silly audit   gopd: [ '1.2.0' ],
75 silly audit   'has-bigints': [ '1.1.0' ],
75 silly audit   'has-flag': [ '4.0.0' ],
75 silly audit   'has-property-descriptors': [ '1.0.2' ],
75 silly audit   'has-proto': [ '1.2.0' ],
75 silly audit   'has-symbols': [ '1.1.0' ],
75 silly audit   'has-tostringtag': [ '1.0.2' ],
75 silly audit   hasown: [ '2.0.3' ],
75 silly audit   'import-fresh': [ '3.3.1' ],
75 silly audit   imurmurhash: [ '0.1.4' ],
75 silly audit   'internal-slot': [ '1.1.0' ],
75 silly audit   'is-array-buffer': [ '3.0.5' ],
75 silly audit   'is-async-function': [ '2.1.1' ],
75 silly audit   'is-bigint': [ '1.1.0' ],
75 silly audit   'is-binary-path': [ '2.1.0' ],
75 silly audit   'is-boolean-object': [ '1.2.2' ],
75 silly audit   'is-bun-module': [ '2.0.0' ],
75 silly audit   'is-callable': [ '1.2.7' ],
75 silly audit   'is-core-module': [ '2.16.2' ],
75 silly audit   'is-data-view': [ '1.0.2' ],
75 silly audit   'is-date-object': [ '1.1.0' ],
75 silly audit   'is-extglob': [ '2.1.1' ],
75 silly audit   'is-finalizationregistry': [ '1.1.1' ],
75 silly audit   'is-generator-function': [ '1.1.2' ],
75 silly audit   'is-glob': [ '4.0.3' ],
75 silly audit   'is-map': [ '2.0.3' ],
75 silly audit   'is-negative-zero': [ '2.0.3' ],
75 silly audit   'is-number': [ '7.0.0' ],
75 silly audit   'is-number-object': [ '1.1.1' ],
75 silly audit   'is-path-inside': [ '3.0.3' ],
75 silly audit   'is-regex': [ '1.2.1' ],
75 silly audit   'is-set': [ '2.0.3' ],
75 silly audit   'is-shared-array-buffer': [ '1.0.4' ],
75 silly audit   'is-string': [ '1.1.1' ],
75 silly audit   'is-symbol': [ '1.1.1' ],
75 silly audit   'is-typed-array': [ '1.1.15' ],
75 silly audit   'is-weakmap': [ '2.0.2' ],
75 silly audit   'is-weakref': [ '1.1.1' ],
75 silly audit   'is-weakset': [ '2.0.4' ],
75 silly audit   isarray: [ '2.0.5' ],
75 silly audit   isexe: [ '2.0.0' ],
75 silly audit   'iterator.prototype': [ '1.1.5' ],
75 silly audit   jiti: [ '1.21.7' ],
75 silly audit   'js-tokens': [ '4.0.0' ],
75 silly audit   'js-yaml': [ '4.1.1' ],
75 silly audit   'json-buffer': [ '3.0.1' ],
75 silly audit   'json-schema-traverse': [ '0.4.1' ],
75 silly audit   'json-stable-stringify-without-jsonify': [ '1.0.1' ],
75 silly audit   json5: [ '1.0.2' ],
75 silly audit   'jsx-ast-utils': [ '3.3.5' ],
75 silly audit   keyv: [ '4.5.4' ],
75 silly audit   'language-subtag-registry': [ '0.3.23' ],
75 silly audit   'language-tags': [ '1.0.9' ],
75 silly audit   levn: [ '0.4.1' ],
75 silly audit   lilconfig: [ '2.1.0', '3.1.3' ],
75 silly audit   'lines-and-columns': [ '1.2.4' ],
75 silly audit   'locate-path': [ '6.0.0' ],
75 silly audit   'lodash.merge': [ '4.6.2' ],
75 silly audit   'loose-envify': [ '1.4.0' ],
75 silly audit   'math-intrinsics': [ '1.1.0' ],
75 silly audit   merge2: [ '1.4.1' ],
75 silly audit   micromatch: [ '4.0.8' ],
75 silly audit   minimist: [ '1.2.8' ],
75 silly audit   ms: [ '2.1.3' ],
75 silly audit   mz: [ '2.7.0' ],
75 silly audit   nanoid: [ '3.3.12' ],
75 silly audit   'napi-postinstall': [ '0.3.4' ],
75 silly audit   'natural-compare': [ '1.4.0' ],
75 silly audit   postcss: [ '8.4.49', '8.4.31' ],
75 silly audit   'node-exports-info': [ '1.6.0' ],
75 silly audit   'node-releases': [ '2.0.44' ],
75 silly audit   'normalize-path': [ '3.0.0' ],
75 silly audit   'normalize-range': [ '0.1.2' ],
75 silly audit   'object-assign': [ '4.1.1' ],
75 silly audit   'object-hash': [ '3.0.0' ],
75 silly audit   'object-inspect': [ '1.13.4' ],
75 silly audit   'object-keys': [ '1.1.1' ],
75 silly audit   'object.assign': [ '4.1.7' ],
75 silly audit   'object.entries': [ '1.1.9' ],
75 silly audit   'object.fromentries': [ '2.0.8' ],
75 silly audit   'object.groupby': [ '1.0.3' ],
75 silly audit   'object.values': [ '1.2.1' ],
75 silly audit   optionator: [ '0.9.4' ],
75 silly audit   'own-keys': [ '1.0.1' ],
75 silly audit   'p-limit': [ '3.1.0' ],
75 silly audit   'p-locate': [ '5.0.0' ],
75 silly audit   'parent-module': [ '1.0.1' ],
75 silly audit   'path-exists': [ '4.0.0' ],
75 silly audit   'path-key': [ '3.1.1' ],
75 silly audit   'path-parse': [ '1.0.7' ],
75 silly audit   picocolors: [ '1.1.1' ],
75 silly audit   picomatch: [ '2.3.2', '4.0.4' ],
75 silly audit   pify: [ '2.3.0' ],
75 silly audit   pirates: [ '4.0.7' ],
75 silly audit   'possible-typed-array-names': [ '1.1.0' ],
75 silly audit   'postcss-import': [ '15.1.0' ],
75 silly audit   resolve: [ '1.22.12', '2.0.0-next.6' ],
75 silly audit   'postcss-js': [ '4.1.0' ],
75 silly audit   'postcss-nested': [ '6.2.0' ],
75 silly audit   'postcss-selector-parser': [ '6.1.2' ],
75 silly audit   'postcss-value-parser': [ '4.2.0' ],
75 silly audit   'prelude-ls': [ '1.2.1' ],
75 silly audit   'prop-types': [ '15.8.1' ],
75 silly audit   punycode: [ '2.3.1' ],
75 silly audit   'queue-microtask': [ '1.2.3' ],
75 silly audit   react: [ '19.1.1' ],
75 silly audit   'react-dom': [ '19.1.1' ],
75 silly audit   'react-is': [ '16.13.1' ],
75 silly audit   'read-cache': [ '1.0.0' ],
75 silly audit   readdirp: [ '3.6.0' ],
75 silly audit   'reflect.getprototypeof': [ '1.0.10' ],
75 silly audit   'regexp.prototype.flags': [ '1.5.4' ],
75 silly audit   'resolve-from': [ '4.0.0' ],
75 silly audit   'resolve-pkg-maps': [ '1.0.0' ],
75 silly audit   reusify: [ '1.1.0' ],
75 silly audit   'run-parallel': [ '1.2.0' ],
75 silly audit   'safe-array-concat': [ '1.1.4' ],
75 silly audit   'safe-push-apply': [ '1.0.0' ],
75 silly audit   'safe-regex-test': [ '1.1.0' ],
75 silly audit   scheduler: [ '0.26.0' ],
75 silly audit   'set-function-length': [ '1.2.2' ],
75 silly audit   'set-function-name': [ '2.0.2' ],
75 silly audit   'set-proto': [ '1.0.0' ],
75 silly audit   sharp: [ '0.34.5' ],
75 silly audit   'shebang-command': [ '2.0.0' ],
75 silly audit   'shebang-regex': [ '3.0.0' ],
75 silly audit   'side-channel': [ '1.1.0' ],
75 silly audit   'side-channel-list': [ '1.0.1' ],
75 silly audit   'side-channel-map': [ '1.0.1' ],
75 silly audit   'side-channel-weakmap': [ '1.0.2' ],
75 silly audit   'source-map-js': [ '1.2.1' ],
75 silly audit   'stable-hash': [ '0.0.5' ],
75 silly audit   'stop-iteration-iterator': [ '1.1.0' ],
75 silly audit   'string.prototype.includes': [ '2.0.1' ],
75 silly audit   'string.prototype.matchall': [ '4.0.12' ],
75 silly audit   'string.prototype.repeat': [ '1.0.0' ],
75 silly audit   'string.prototype.trim': [ '1.2.10' ],
75 silly audit   'string.prototype.trimend': [ '1.0.9' ],
75 silly audit   'string.prototype.trimstart': [ '1.0.8' ],
75 silly audit   'strip-ansi': [ '6.0.1' ],
75 silly audit   'strip-bom': [ '3.0.0' ],
75 silly audit   'strip-json-comments': [ '3.1.1' ],
75 silly audit   'styled-jsx': [ '5.1.6' ],
75 silly audit   sucrase: [ '3.35.1' ],
75 silly audit   'supports-color': [ '7.2.0' ],
75 silly audit   'supports-preserve-symlinks-flag': [ '1.0.0' ],
75 silly audit   tailwindcss: [ '3.4.14' ],
75 silly audit   'postcss-load-config': [ '4.0.2' ],
75 silly audit   'text-table': [ '0.2.0' ],
75 silly audit   thenify: [ '3.3.1' ],
75 silly audit   'thenify-all': [ '1.6.0' ],
75 silly audit   tinyglobby: [ '0.2.16' ],
75 silly audit   fdir: [ '6.5.0' ],
75 silly audit   'to-regex-range': [ '5.0.1' ],
75 silly audit   'ts-api-utils': [ '2.5.0' ],
75 silly audit   'ts-interface-checker': [ '0.1.13' ],
75 silly audit   'tsconfig-paths': [ '3.15.0' ],
75 silly audit   tslib: [ '2.8.1' ],
75 silly audit   'type-check': [ '0.4.0' ],
75 silly audit   'typed-array-buffer': [ '1.0.3' ],
75 silly audit   'typed-array-byte-length': [ '1.0.3' ],
75 silly audit   'typed-array-byte-offset': [ '1.0.4' ],
75 silly audit   'typed-array-length': [ '1.0.7' ],
75 silly audit   typescript: [ '5.6.3' ],
75 silly audit   'unbox-primitive': [ '1.1.0' ],
75 silly audit   'undici-types': [ '6.20.0' ],
75 silly audit   'unrs-resolver': [ '1.11.1' ],
75 silly audit   'update-browserslist-db': [ '1.2.3' ],
75 silly audit   'uri-js': [ '4.4.1' ],
75 silly audit   'util-deprecate': [ '1.0.2' ],
75 silly audit   which: [ '2.0.2' ],
75 silly audit   'which-boxed-primitive': [ '1.1.1' ],
75 silly audit   'which-builtin-type': [ '1.2.1' ],
75 silly audit   'which-collection': [ '1.0.2' ],
75 silly audit   'which-typed-array': [ '1.1.20' ],
75 silly audit   'word-wrap': [ '1.2.5' ],
75 silly audit   yaml: [ '2.9.0' ],
75 silly audit   'yocto-queue': [ '0.1.0' ],
75 silly audit   'eslint-config-next': [ '15.5.9' ],
75 silly audit   next: [ '15.5.9' ],
75 silly audit   '@next/eslint-plugin-next': [ '15.5.9' ],
75 silly audit   '@next/env': [ '15.5.9' ]
75 silly audit }
76 http cache eslint-config-next@https://registry.npmjs.org/eslint-config-next/-/eslint-config-next-15.5.9.tgz 0ms (cache hit)
77 http cache @next/eslint-plugin-next@https://registry.npmjs.org/@next/eslint-plugin-next/-/eslint-plugin-next-15.5.9.tgz 0ms (cache hit)
78 http cache @next/env@https://registry.npmjs.org/@next/env/-/env-15.5.9.tgz 0ms (cache hit)
79 silly tarball no local data for eslint-config-next@https://registry.npmjs.org/eslint-config-next/-/eslint-config-next-15.5.9.tgz. Extracting by manifest.
80 silly tarball no local data for @next/eslint-plugin-next@https://registry.npmjs.org/@next/eslint-plugin-next/-/eslint-plugin-next-15.5.9.tgz. Extracting by manifest.
81 silly tarball no local data for @next/env@https://registry.npmjs.org/@next/env/-/env-15.5.9.tgz. Extracting by manifest.
82 http cache next@https://registry.npmjs.org/next/-/next-15.5.9.tgz 0ms (cache hit)
83 silly tarball no local data for next@https://registry.npmjs.org/next/-/next-15.5.9.tgz. Extracting by manifest.
84 http fetch GET 200 https://registry.npmjs.org/eslint-config-next/-/eslint-config-next-15.5.9.tgz 193ms (cache miss)
85 http fetch POST 200 https://registry.npmjs.org/-/npm/v1/security/advisories/bulk 373ms
86 silly audit report {
86 silly audit report   '@eslint/plugin-kit': [
86 silly audit report     {
86 silly audit report       id: 1100564,
86 silly audit report       url: 'https://github.com/advisories/GHSA-7q7g-4xm8-89cq',
86 silly audit report       title: 'Regular Expression Denial of Service (ReDoS) in @eslint/plugin-kit',
86 silly audit report       severity: 'low',
86 silly audit report       vulnerable_versions: '<0.2.3',
86 silly audit report       cwe: [Array],
86 silly audit report       cvss: [Object]
86 silly audit report     },
86 silly audit report     {
86 silly audit report       id: 1106734,
86 silly audit report       url: 'https://github.com/advisories/GHSA-xffm-g5w8-qvg7',
86 silly audit report       title: '@eslint/plugin-kit is vulnerable to Regular Expression Denial of Service attacks through ConfigCommentParser',
86 silly audit report       severity: 'low',
86 silly audit report       vulnerable_versions: '<0.3.4',
86 silly audit report       cwe: [Array],
86 silly audit report       cvss: [Object]
86 silly audit report     }
86 silly audit report   ],
86 silly audit report   postcss: [
86 silly audit report     {
86 silly audit report       id: 1117015,
86 silly audit report       url: 'https://github.com/advisories/GHSA-qx2v-qp2m-jg93',
86 silly audit report       title: 'PostCSS has XSS via Unescaped </style> in its CSS Stringify Output',
86 silly audit report       severity: 'moderate',
86 silly audit report       vulnerable_versions: '<8.5.10',
86 silly audit report       cwe: [Array],
86 silly audit report       cvss: [Object]
86 silly audit report     }
86 silly audit report   ],
86 silly audit report   next: [
86 silly audit report     {
86 silly audit report       id: 1117975,
86 silly audit report       url: 'https://github.com/advisories/GHSA-3g8h-86w9-wvmq',
86 silly audit report       title: "Next.js's Middleware / Proxy redirects can be cache-poisoned",
86 silly audit report       severity: 'low',
86 silly audit report       vulnerable_versions: '>=12.2.0 <15.5.16',
86 silly audit report       cwe: [Array],
86 silly audit report       cvss: [Object]
86 silly audit report     },
86 silly audit report     {
86 silly audit report       id: 1117931,
86 silly audit report       url: 'https://github.com/advisories/GHSA-8h8q-6873-q5fj',
86 silly audit report       title: 'Next.js Vulnerable to Denial of Service with Server Components',
86 silly audit report       severity: 'high',
86 silly audit report       vulnerable_versions: '>=13.0.0 <15.5.16',
86 silly audit report       cwe: [Array],
86 silly audit report       cvss: [Object]
86 silly audit report     },
86 silly audit report     {
86 silly audit report       id: 1117955,
86 silly audit report       url: 'https://github.com/advisories/GHSA-ffhc-5mcf-pf4q',
86 silly audit report       title: 'Next.js vulnerable to cross-site scripting in App Router applications using CSP nonces',
86 silly audit report       severity: 'moderate',
86 silly audit report       vulnerable_versions: '>=13.4.0 <15.5.16',
86 silly audit report       cwe: [Array],
86 silly audit report       cvss: [Object]
86 silly audit report     },
86 silly audit report     {
86 silly audit report       id: 1117957,
86 silly audit report       url: 'https://github.com/advisories/GHSA-vfv6-92ff-j949',
86 silly audit report       title: 'Next.js vulnerable to cache poisoning via collisions in React Server Component cache-busting',
86 silly audit report       severity: 'low',
86 silly audit report       vulnerable_versions: '>=13.4.6 <15.5.16',
86 silly audit report       cwe: [Array],
86 silly audit report       cvss: [Object]
86 silly audit report     },
86 silly audit report     {
86 silly audit report       id: 1117959,
86 silly audit report       url: 'https://github.com/advisories/GHSA-gx5p-jg67-6x7h',
86 silly audit report       title: 'Next.js has cross-site scripting in beforeInteractive scripts with untrusted input',
86 silly audit report       severity: 'moderate',
86 silly audit report       vulnerable_versions: '>=13.0.0 <15.5.16',
86 silly audit report       cwe: [Array],
86 silly audit report       cvss: [Object]
86 silly audit report     },
86 silly audit report     {
86 silly audit report       id: 1117961,
86 silly audit report       url: 'https://github.com/advisories/GHSA-mg66-mrh9-m8jx',
86 silly audit report       title: 'Next.js vulnerable to Denial of Service via connection exhaustion in applications using Cache Components',
86 silly audit report       severity: 'high',
86 silly audit report       vulnerable_versions: '>=15.0.0 <15.5.16',
86 silly audit report       cwe: [Array],
86 silly audit report       cvss: [Object]
86 silly audit report     },
86 silly audit report     {
86 silly audit report       id: 1117963,
86 silly audit report       url: 'https://github.com/advisories/GHSA-h64f-5h5j-jqjh',
86 silly audit report       title: 'Next.js has a Denial of Service in the Image Optimization API',
86 silly audit report       severity: 'moderate',
86 silly audit report       vulnerable_versions: '>=10.0.0 <15.5.16',
86 silly audit report       cwe: [Array],
86 silly audit report       cvss: [Object]
86 silly audit report     },
86 silly audit report     {
86 silly audit report       id: 1117965,
86 silly audit report       url: 'https://github.com/advisories/GHSA-c4j6-fc7j-m34r',
86 silly audit report       title: 'Next.js vulnerable to server-side request forgery in applications using WebSocket upgrades',
86 silly audit report       severity: 'high',
86 silly audit report       vulnerable_versions: '>=13.4.13 <15.5.16',
86 silly audit report       cwe: [Array],
86 silly audit report       cvss: [Object]
86 silly audit report     },
86 silly audit report     {
86 silly audit report       id: 1117967,
86 silly audit report       url: 'https://github.com/advisories/GHSA-492v-c6pp-mqqv',
86 silly audit report       title: 'Next.js has a Middleware / Proxy bypass through dynamic route parameter injection',
86 silly audit report       severity: 'high',
86 silly audit report       vulnerable_versions: '>=15.4.0 <15.5.16',
86 silly audit report       cwe: [Array],
86 silly audit report       cvss: [Object]
86 silly audit report     },
86 silly audit report     {
86 silly audit report       id: 1117969,
86 silly audit report       url: 'https://github.com/advisories/GHSA-wfc6-r584-vfw7',
86 silly audit report       title: 'Next.js vulnerable to cache poisoning in React Server Component responses',
86 silly audit report       severity: 'moderate',
86 silly audit report       vulnerable_versions: '>=14.2.0 <15.5.16',
86 silly audit report       cwe: [Array],
86 silly audit report       cvss: [Object]
86 silly audit report     },
86 silly audit report     {
86 silly audit report       id: 1117971,
86 silly audit report       url: 'https://github.com/advisories/GHSA-267c-6grr-h53f',
86 silly audit report       title: 'Next.js has a Middleware / Proxy bypass in App Router applications via segment-prefetch routes',
86 silly audit report       severity: 'high',
86 silly audit report       vulnerable_versions: '>=15.2.0 <15.5.16',
86 silly audit report       cwe: [Array],
86 silly audit report       cvss: [Object]
86 silly audit report     },
86 silly audit report     {
86 silly audit report       id: 1117973,
86 silly audit report       url: 'https://github.com/advisories/GHSA-36qx-fr4f-26g5',
86 silly audit report       title: 'Next.js has a Middleware / Proxy bypass in Pages Router applications using i18n',
86 silly audit report       severity: 'high',
86 silly audit report       vulnerable_versions: '>=12.2.0 <15.5.16',
86 silly audit report       cwe: [Array],
86 silly audit report       cvss: [Object]
86 silly audit report     },
86 silly audit report     {
86 silly audit report       id: 1117980,
86 silly audit report       url: 'https://github.com/advisories/GHSA-26hh-7cqf-hhc6',
86 silly audit report       title: 'Next.js has a Middleware / Proxy bypass in App Router applications via segment-prefetch routes - Incomplete Fix Follow-Up',
86 silly audit report       severity: 'high',
86 silly audit report       vulnerable_versions: '>=15.2.0 <15.5.18',
86 silly audit report       cwe: [Array],
86 silly audit report       cvss: [Object]
86 silly audit report     },
86 silly audit report     {
86 silly audit report       id: 1112593,
86 silly audit report       url: 'https://github.com/advisories/GHSA-9g9p-9gw9-jx7f',
86 silly audit report       title: 'Next.js self-hosted applications vulnerable to DoS via Image Optimizer remotePatterns configuration',
86 silly audit report       severity: 'moderate',
86 silly audit report       vulnerable_versions: '>=10.0.0 <15.5.10',
86 silly audit report       cwe: [Array],
86 silly audit report       cvss: [Object]
86 silly audit report     },
86 silly audit report     {
86 silly audit report       id: 1112648,
86 silly audit report       url: 'https://github.com/advisories/GHSA-h25m-26qc-wcjf',
86 silly audit report       title: 'Next.js HTTP request deserialization can lead to DoS when using insecure React Server Components',
86 silly audit report       severity: 'high',
86 silly audit report       vulnerable_versions: '>=15.5.1-canary.0 <15.5.10',
86 silly audit report       cwe: [Array],
86 silly audit report       cvss: [Object]
86 silly audit report     },
86 silly audit report     {
86 silly audit report       id: 1114897,
86 silly audit report       url: 'https://github.com/advisories/GHSA-ggv3-7p47-pfv8',
86 silly audit report       title: 'Next.js: HTTP request smuggling in rewrites',
86 silly audit report       severity: 'moderate',
86 silly audit report       vulnerable_versions: '>=9.5.0 <15.5.13',
86 silly audit report       cwe: [Array],
86 silly audit report       cvss: [Object]
86 silly audit report     },
86 silly audit report     {
86 silly audit report       id: 1114940,
86 silly audit report       url: 'https://github.com/advisories/GHSA-3x4c-7xq6-9pq8',
86 silly audit report       title: 'Next.js: Unbounded next/image disk cache growth can exhaust storage',
86 silly audit report       severity: 'moderate',
86 silly audit report       vulnerable_versions: '>=10.0.0 <15.5.14',
86 silly audit report       cwe: [Array],
86 silly audit report       cvss: [Object]
86 silly audit report     },
86 silly audit report     {
86 silly audit report       id: 1116376,
86 silly audit report       url: 'https://github.com/advisories/GHSA-q4gf-8mx6-v5v3',
86 silly audit report       title: 'Next.js has a Denial of Service with Server Components',
86 silly audit report       severity: 'high',
86 silly audit report       vulnerable_versions: '>=13.0.0 <15.5.15',
86 silly audit report       cwe: [Array],
86 silly audit report       cvss: [Object]
86 silly audit report     }
86 silly audit report   ]
86 silly audit report }
87 silly packumentCache corgi:https://registry.npmjs.org/@eslint%2fplugin-kit cache-miss
88 silly packumentCache corgi:https://registry.npmjs.org/postcss cache-miss
89 silly packumentCache corgi:https://registry.npmjs.org/next cache-miss
90 http cache https://registry.npmjs.org/@eslint%2fplugin-kit 25ms (cache hit)
91 silly packumentCache corgi:https://registry.npmjs.org/@eslint%2fplugin-kit set size:20831 disposed:false
92 http cache https://registry.npmjs.org/postcss 26ms (cache hit)
93 silly packumentCache corgi:https://registry.npmjs.org/postcss set size:343873 disposed:false
94 http cache https://registry.npmjs.org/next 94ms (cache hit)
95 silly packumentCache corgi:https://registry.npmjs.org/next set size:24953692 disposed:false
96 silly packumentCache corgi:https://registry.npmjs.org/eslint cache-miss
97 http cache https://registry.npmjs.org/eslint 23ms (cache hit)
98 silly packumentCache corgi:https://registry.npmjs.org/eslint set size:1154211 disposed:false
99 silly packumentCache corgi:https://registry.npmjs.org/autoprefixer cache-miss
100 silly packumentCache corgi:https://registry.npmjs.org/postcss-import cache-miss
101 silly packumentCache corgi:https://registry.npmjs.org/postcss-js cache-miss
102 silly packumentCache corgi:https://registry.npmjs.org/postcss-nested cache-miss
103 silly packumentCache corgi:https://registry.npmjs.org/tailwindcss cache-miss
104 silly packumentCache corgi:https://registry.npmjs.org/postcss-load-config cache-miss
105 http fetch GET 200 https://registry.npmjs.org/@next/env/-/env-15.5.9.tgz 1560ms (cache miss)
106 http cache https://registry.npmjs.org/autoprefixer 73ms (cache hit)
107 silly packumentCache corgi:https://registry.npmjs.org/autoprefixer set size:298545 disposed:false
108 http cache https://registry.npmjs.org/postcss-import 78ms (cache hit)
109 silly packumentCache corgi:https://registry.npmjs.org/postcss-import set size:52251 disposed:false
110 http cache https://registry.npmjs.org/postcss-js 80ms (cache hit)
111 silly packumentCache corgi:https://registry.npmjs.org/postcss-js set size:25314 disposed:false
112 http cache https://registry.npmjs.org/tailwindcss 91ms (cache hit)
113 silly packumentCache corgi:https://registry.npmjs.org/tailwindcss set size:4694245 disposed:false
114 http cache https://registry.npmjs.org/postcss-load-config 167ms (cache hit)
115 silly packumentCache corgi:https://registry.npmjs.org/postcss-load-config set size:37999 disposed:false
116 http cache https://registry.npmjs.org/postcss-nested 180ms (cache hit)
117 silly packumentCache corgi:https://registry.npmjs.org/postcss-nested set size:41645 disposed:false
118 silly packumentCache corgi:https://registry.npmjs.org/@eslint-community%2feslint-utils cache-miss
119 silly packumentCache corgi:https://registry.npmjs.org/@typescript-eslint%2feslint-plugin cache-miss
120 silly packumentCache corgi:https://registry.npmjs.org/@typescript-eslint%2fparser cache-miss
121 silly packumentCache corgi:https://registry.npmjs.org/@typescript-eslint%2ftype-utils cache-miss
122 silly packumentCache corgi:https://registry.npmjs.org/@typescript-eslint%2futils cache-miss
123 silly packumentCache corgi:https://registry.npmjs.org/eslint-import-resolver-typescript cache-miss
124 silly packumentCache corgi:https://registry.npmjs.org/eslint-plugin-import cache-miss
125 silly packumentCache corgi:https://registry.npmjs.org/eslint-plugin-jsx-a11y cache-miss
126 silly packumentCache corgi:https://registry.npmjs.org/eslint-plugin-react cache-miss
127 silly packumentCache corgi:https://registry.npmjs.org/eslint-plugin-react-hooks cache-miss
128 silly packumentCache corgi:https://registry.npmjs.org/eslint-config-next cache-miss
129 http cache https://registry.npmjs.org/@eslint-community%2feslint-utils 58ms (cache hit)
130 silly packumentCache corgi:https://registry.npmjs.org/@eslint-community%2feslint-utils set size:44347 disposed:false
131 http cache https://registry.npmjs.org/eslint-plugin-jsx-a11y 55ms (cache hit)
132 silly packumentCache corgi:https://registry.npmjs.org/eslint-plugin-jsx-a11y set size:108835 disposed:false
133 http cache https://registry.npmjs.org/@typescript-eslint%2futils 82ms (cache hit)
134 silly packumentCache corgi:https://registry.npmjs.org/@typescript-eslint%2futils set size:4654985 disposed:false
135 http cache https://registry.npmjs.org/@typescript-eslint%2fparser 182ms (cache hit)
136 silly packumentCache corgi:https://registry.npmjs.org/@typescript-eslint%2fparser set size:8034322 disposed:false
137 http cache https://registry.npmjs.org/@typescript-eslint%2feslint-plugin 492ms (cache hit)
138 silly packumentCache corgi:https://registry.npmjs.org/@typescript-eslint%2feslint-plugin set size:9558382 disposed:false
139 http cache https://registry.npmjs.org/eslint-import-resolver-typescript 716ms (cache hit)
140 silly packumentCache corgi:https://registry.npmjs.org/eslint-import-resolver-typescript set size:138502 disposed:false
141 http cache https://registry.npmjs.org/eslint-plugin-react 720ms (cache hit)
142 silly packumentCache corgi:https://registry.npmjs.org/eslint-plugin-react set size:309843 disposed:false
143 http cache https://registry.npmjs.org/eslint-plugin-import 740ms (cache hit)
144 silly packumentCache corgi:https://registry.npmjs.org/eslint-plugin-import set size:238396 disposed:false
145 http cache https://registry.npmjs.org/@typescript-eslint%2ftype-utils 779ms (cache hit)
146 silly packumentCache corgi:https://registry.npmjs.org/@typescript-eslint%2ftype-utils set size:4655276 disposed:false
147 http cache https://registry.npmjs.org/eslint-config-next 929ms (cache hit)
148 silly packumentCache corgi:https://registry.npmjs.org/eslint-config-next set size:3876118 disposed:false
149 http cache https://registry.npmjs.org/eslint-plugin-react-hooks 1032ms (cache hit)
150 silly packumentCache corgi:https://registry.npmjs.org/eslint-plugin-react-hooks set size:4171683 disposed:false
151 http fetch GET 200 https://registry.npmjs.org/@next/eslint-plugin-next/-/eslint-plugin-next-15.5.9.tgz 4020ms (cache miss)
152 http fetch GET 200 https://registry.npmjs.org/next/-/next-15.5.9.tgz 82466ms (cache miss)
153 silly CHANGE node_modules/next
154 silly CHANGE node_modules/eslint-config-next
155 silly CHANGE node_modules/@next/eslint-plugin-next
156 silly CHANGE node_modules/@next/env
157 verbose cwd C:\Users\fikri\Desktop\Vibe\Program
158 verbose os Windows_NT 10.0.26200
159 verbose node v24.11.0
160 verbose npm  v11.6.2
161 verbose exit 0
162 info ok
